
> artweb@0.0.0 build
> vite build

[36mvite v7.3.1 [32mbuilding client environment for production...[36m[39m
transforming...
[32mΓ£ô[39m 39 modules transformed.
node.exe : 
[31mΓ£ù[39m Build 
failed in 247ms
At line:1 char:1
+ & "C:\Program 
Files\nodejs/node.exe" 
"C:\Program 
Files\nodejs/node_mo 
...
+ ~~~~~~~~~~~~~~~~~~~~~
~~~~~~~~~~~~~~~~~~~~~~~
~~~~~~~~~~~~~~~~~~~~~~~
~~
    + CategoryInfo     
         : NotSpecifi  
  ed: ([31mΓ£ù[39m   
  Build failed in 2    
47ms:String) [], R    
emoteException
    + FullyQualifiedEr 
   rorId : NativeComm  
  andError
 
[31merror during 
build:
[31m[vite:esbuild] 
Transform failed with 
1 error:
C:/Users/chall/OneDrive
/Documents/Desktop/ArtW
eb/src/pages/dashboards
/VisitorProfile.jsx:147
:10: ERROR: The symbol 
"searchParams" has 
already been 
declared[31m
file: [36mC:/Users/cha
ll/OneDrive/Documents/D
esktop/ArtWeb/src/pages
/dashboards/VisitorProf
ile.jsx:147:10[31m
[33m
[33mThe symbol 
"searchParams" has 
already been 
declared[33m
145 |  
146 |      // Read 
section from URL param 
(e.g. ?section=orders)
147 |      const 
searchParams = new URLS
earchParams(location.se
arch);
    |            ^
148 |      const 
sectionFromUrl = search
Params.get('section');
149 |  
[31m
    at 
failureErrorWithLog (C:
\Users\chall\OneDrive\D
ocuments\Desktop\ArtWeb
\node_modules\esbuild\l
ib\main.js:1467:15)
    at C:\Users\chall\O
neDrive\Documents\Deskt
op\ArtWeb\node_modules\
esbuild\lib\main.js:736
:50
    at responseCallback
s.<computed> (C:\Users\
chall\OneDrive\Document
s\Desktop\ArtWeb\node_m
odules\esbuild\lib\main
.js:603:9)
    at 
handleIncomingPacket (C
:\Users\chall\OneDrive\
Documents\Desktop\ArtWe
b\node_modules\esbuild\
lib\main.js:658:12)
    at 
Socket.readFromStdout (
C:\Users\chall\OneDrive
\Documents\Desktop\ArtW
eb\node_modules\esbuild
\lib\main.js:581:7)
    at Socket.emit 
(node:events:507:28)
    at addChunk (node:i
nternal/streams/readabl
e:559:12)
    at readableAddChunk
PushByteMode (node:inte
rnal/streams/readable:5
10:3)
    at Readable.push (n
ode:internal/streams/re
adable:390:5)
    at 
Pipe.onStreamRead (node
:internal/stream_base_c
ommons:189:23)[39m
